type o.tile
height 300
width 238
map
EEEEEEEEEEEEEEEEEEEEEEEEEEEEEEEEEEEEEEEEEEEEEEEEEEEEEEEEEEEEEEEEEEEEEEEEEEEEEEEEEEEEEEEEEEEEEEEEEEEEEEEEEEEEEEEEEEEEEEEEEEEEEEEEEEEEEEEEEEEEEEEEEEEEEEEEEEEEEEEEEEEEEEEEEEEEEEEEEEEEEEEEEEEEEEEEEEEEEEEEEEEEEEEEEEEEEEEEEEEEEEEEEEEEEEEEEEEEEE
E............................................................................................................................................................................................................................................E
E............................................................................................................................................................................................................................................E
E............................................................................................................................................................................................................................................E
E............................................................................................................................................................................................................................................E
E............................................................................................................................................................................................................................................E
E............................................................................................................................................................................................................................................E
E............................................................................................................................................................................................................................................E
E............................................................................................................................................................................................................................................E
E............................................................................................................................................................................................................................................E
E............................................................................................................................................................................................................................................E
E............................................................................................................................................................................................................................................E
E............................................................................................................................................................................................................................................E
E............................................................................................................................................................................................................................................E
E............................................................................................................................................................................................................................................E
E............................................................................................................................................................................................................................................E
E............................................................................................................................................................................................................................................E
E......................................................C.....................................................................................................................................................................................E
E............................................................................................................................................................................................................................................E
E............................................................................................................................................................................................................................................E
E............................................................................................................................................................................................................................................E
E............................................................................................................................................................................................................................................E
E............................................................................................................................................................................................................................................E
E............................................................................................................................................................................................................................................E
E............................................................................................................................................................................................................................................E
E............................................................................................................................................................................................................................................E
E............................................................................................................................................................................................................................................E
E............................................................................................................................................................................................................................................E
E............................................................................................................................................................................................................................................E
E............................................................................................................................................................................................................................................E
E............................................................................................................................................................................................................................................E
E............................................................................................................................................................................................................................................E
E............................................................................................................................................................................................................................................E
E............................................................................................................................................................................................................................................E
E............................................................................................................................................................................................................................................E
E............................................................................................................................................................................................................................................E
E............................................................................................................................................................................................................................................E
E............................................................................................................................................................................................................................................E
E............................................................................................................................................................................................................................................E
E............................................................................................................................................................................................................................................E
E............................................................................................................................................................................................................................................E
E..............................................................................................................C.............................................................................................................................E
E............................................................................................................................................................................................................................................E
E............................................................................................................................................................................................................................................E
E............................................................................................................................................................................................................................................E
E............................................................................................................................................................................................................................................E
E............................................................................................................................................................................................................................................E
E............................................................................................................................................................................................................................................E
E............................................................................................................................................................................................................................................E
E............................................................................................................................................................................................................................................E
E............................................................................................................................................................................................................................................E
E............................................................................................................................................................................................................................................E
E............................................................................................................................................................................................................................................E
E............................................................................................................................................................................................................................................E
E............................................................................................................................................................................................................................................E
E............................................................................................................................................................................................................................................E
E............................................................................................................................................................................................................................................E
E............................................................................................................................................................................................................................................E
E............................................................................................................................................................................................................................................E
E............................................................................................................................................................................................................................................E
E............................................................................................................................................................................................................................................E
E............................................................................................................................................................................................................................................E
E............................................................................................................................................................................................................................................E
E............................................................................................................................................................................................................................................E
E............................................................................................................................................................................................................................................E
E............................................................................................................................................................................................................................................E
E............................................................................................................................................................................................................................................E
E............................................................................................................................................................................................................................................E
E............................................................................................................................................................................................................................................E
E............................................................................................................................................................................................................................................E
E............................................................................................................................................................................................................................................E
E............................................................................................................................................................................................................................................E
E............................................................................................................................................................................................................................................E
E............................................................................................................................................................................................................................................E
E............................................................................................................................................................................................................................................E
E............................................................................................................................................................................................................................................E
E............................................................................................................................................................................................................................................E
E............................................................................................................................................................................................................................................E
E............................................................................................................................................................................................................................................E
E............................................................................................................................................................................................................................................E
E............................................................................................................................................................................................................................................E
E............................................................................................................................................................................................................................................E
E............................................................................................................................................................................................................................................E
E............................................................................................................................................................................................................................................E
E............................................................................................................................................................................................................................................E
E............................................................................................................................................................................................................................................E
E............................................................................................................................................................................................................................................E
E............................................................................................................................................................................................................................................E
E............................................................................................................................................................................................................................................E
E............................................................................................................................................................................................................................................E
E............................................................................................................................................................................................................................................E
E............................................................................................................................................................................................................................................E
E............................................................................................................................................................................................................................................E
E............................................................................................................................................................................................................................................E
E............................................................................................................................................................................................................................................E
E............................................................................................................................................................................................................................................E
E............................................................................................................................................................................................................................................E
E............................................................................................................................................................................................................................................E
E............................................................................................................................................................................................................................................E
E............................................................................................................................................................................................................................................E
E............................................................................................................................................................................................................................................E
E............................................................................................................................................................................................................................................E
E............................................................................................................................................................................................................................................E
E............................................................................................................................................................................................................................................E
E............................................................................................................................................................................................................................................E
E............................................................................................................................................................................................................................................E
E............................................................................................................................................................................................................................................E
E............................................................................................................................................................................................................................................E
E............................................................................................................................................................................................................................................E
E............................................................................................................................................................................................................................................E
E............................................................................................................................................................................................................................................E
E............................................................................................................................................................................................................................................E
E............................................................................................................................................................................................................................................E
E............................................................................................................................................................................................................................................E
E............................................................................................................................................................................................................................................E
E............................................................................................................................................................................................................................................E
E............................................................................................................................................................................................................................................E
E............................................................................................................................................................................................................................................E
E............................................................................................................................................................................................................................................E
E............................................................................................................................................................................................................................................E
E............................................................................................................................................................................................................................................E
E............................................................................................................................................................................................................................................E
E............................................................................................................................................................................................................................................E
E............................................................................................................................................................................................................................................E
E............................................................................................................................................................................................................................................E
E............................................................................................................................................................................................................................................E
E............................................................................................................................................................................................................................................E
E............................................................................................................................................................................................................................................E
E............................................................................................................................................................................................................................................E
E............................................................................................................................................................................................................................................E
E............................................................................................................................................................................................................................................E
E........................................................C...................................................................................................................................................................................E
E............................................................................................................................................................................................................................................E
E............................................................................................................................................................................................................................................E
E............................................................................................................................................................................................................................................E
E............................................................................................................................................................................................................................................E
E............................................................................................................................................................................................................................................E
E............................................................................................................................................................................................................................................E
E............................................................................................................................................................................................................................................E
E............................................................................................................................................................................................................................................E
E............................................................................................................................................................................................................................................E
E............................................................................................................................................................................................................................................E
E............................................................................................................................................................................................................................................E
E............................................................................................................................................................................................................................................E
E............................................................................................................................................................................................................................................E
E............................................................................................................................................................................................................................................E
E............................................................................................................................................................................................................................................E
E............................................................................................................................................................................................................................................E
E............................................................................................................................................................................................................................................E
E............................................................................................................................................................................................................................................E
E............................................................................................................................................................................................................................................E
E............................................................................................................................................................................................................................................E
E............................................................................................................................................................................................................................................E
E............................................................................................................................................................................................................................................E
E............................................................................................................................................................................................................................................E
E............................................................................................................................................................................................................................................E
E............................................................................................................................................................................................................................................E
E............................................................................................................................................................................................................................................E
E............................................................................................................................................................................................................................................E
E............................................................................................................................................................................................................................................E
E............................................................................................................................................................................................................................................E
E............................................................................................................................................................................................................................................E
E............................................................................................................................................................................................................................................E
E............................................................................................................................................................................................................................................E
E............................................................................................................................................................................................................................................E
E............................................................................................................................................................................................................................................E
E............................................................................................................................................................................................................................................E
E............................................................................................................................................................................................................................................E
E............................................................................................................................................................................................................................................E
E............................................................................................................................................................................................................................................E
E............................................................................................................................................................................................................................................E
E............................................................................................................................................................................................................................................E
E............................................................................................................................................................................................................................................E
E............................................................................................................................................................................................................................................E
E............................................................................................................................................................................................................................................E
E............................................................................................................................................................................................................................................E
E............................................................................................................................................................................................................................................E
E............................................................................................................................................................................................................................................E
E............................................................................................................................................................................................................................................E
E............................................................................................................................................................................................................................................E
E..........................................................................................................................C.................................................................................................................E
E............................................................................................................................................................................................................................................E
E............................................................................................................................................................................................................................................E
E............................................................................................................................................................................................................................................E
E............................................................................................................................................................................................................................................E
E............................................................................................................................................................................................................................................E
E............................................................................................................................................................................................................................................E
E............................................................................................................................................................................................................................................E
E............................................................................................................................................................................................................................................E
E............................................................................................................................................................................................................................................E
E............................................................................................................................................................................................................................................E
E............................................................................................................................................................................................................................................E
E............................................................................................................................................................................................................................................E
E............................................................................................................................................................................................................................................E
E............................................................................................................................................................................................................................................E
E............................................................................................................................................................................................................................................E
E............................................................................................................................................................................................................................................E
E............................................................................................................................................................................................................................................E
E............................................................................................................................................................................................................................................E
E............................................................................................................................................................................................................................................E
E............................................................................................................................................................................................................................................E
E............................................................................................................................................................................................................................................E
E............................................................................................................................................................................................................................................E
E............................................................................................................................................................................................................................................E
E............................................................................................................................................................................................................................................E
E............................................................................................................................................................................................................................................E
E............................................................................................................................................................................................................................................E
E............................................................................................................................................................................................................................................E
E............................................................................................................................................................................................................................................E
E............................................................................................................................................................................................................................................E
E............................................................................................................................................................................................................................................E
E............................................................................................................................................................................................................................................E
E............................................................................................................................................................................................................................................E
E............................................................................................................................................................................................................................................E
E............................................................................................................................................................................................................................................E
E............................................................................................................................................................................................................................................E
E............................................................................................................................................................................................................................................E
E............................................................................................................................................................................................................................................E
E............................................................................................................................................................................................................................................E
E............................................................................................................................................................................................................................................E
E..........................................................C.................................................................................................................................................................................E
E............................................................................................................................................................................................................................................E
E............................................................................................................................................................................................................................................E
E............................................................................................................................................................................................................................................E
E............................................................................................................................................................................................................................................E
E............................................................................................................................................................................................................................................E
E............................................................................................................................................................................................................................................E
E............................................................................................................................................................................................................................................E
E............................................................................................................................................................................................................................................E
E............................................................................................................................................................................................................................................E
E............................................................................................................................................................................................................................................E
E............................................................................................................................................................................................................................................E
E............................................................................................................................................................................................................................................E
E............................................................................................................................................................................................................................................E
E............................................................................................................................................................................................................................................E
E............................................................................................................................................................................................................................................E
E............................................................................................................................................................................................................................................E
E............................................................................................................................................................................................................................................E
E............................................................................................................................................................................................................................................E
E............................................................................................................................................................................................................................................E
E............................................................................................................................................................................................................................................E
E............................................................................................................................................................................................................................................E
E............................................................................................................................................................................................................................................E
E............................................................................................................................................................................................................................................E
E............................................................................................................................................................................................................................................E
E............................................................................................................................................................................................................................................E
E............................................................................................................................................................................................................................................E
E............................................................................................................................................................................................................................................E
E............................................................................................................................................................................................................................................E
E............................................................................................................................................................................................................................................E
E............................................................................................................................................................................................................................................E
E............................................................................................................................................................................................................................................E
E............................................................................................................................................................................................................................................E
E............................................................................................................................................................................................................................................E
E............................................................................................................................................................................................................................................E
E............................................................................................................................................................................................................................................E
E............................................................................................................................................................................................................................................E
E............................................................................................................................................................................................................................................E
E............................................................................................................................................................................................................................................E
E............................................................................................................................................................................................................................................E
E............................................................................................................................................................................................................................................E
E............................................................................................................................................................................................................................................E
E............................................................................................................................................................................................................................................E
E............................................................................................................................................................................................................................................E
E............................................................................................................................................................................................................................................E
E............................................................................................................................................................................................................................................E
E............................................................................................................................................................................................................................................E
E............................................................................................................................................................................................................................................E
E............................................................................................................................................................................................................................................E
E............................................................................................................................................................................................................................................E
E............................................................................................................................................................................................................................................E
E............................................................................................................................................................................................................................................E
E............................................................................................................................................................................................................................................E
E............................................................................................................................................................................................................................................E
E............................................................................................................................................................................................................................................E
E............................................................................................................................................................................................................................................E
E............................................................................................................................................................................................................................................E
E............................................................................................................................................................................................................................................E
E............................................................................................................................................................................................................................................E
E............................................................................................................................................................................................................................................E
E............................................................................................................................................................................................................................................E
E............................................................................................................................................................................................................................................E
E............................................................................................................................................................................................................................................E
E............................................................................................................................................................................................................................................E
E............................................................................................................................................................................................................................................E
E............................................................................................................................................................................................................................................E
E............................................................................................................................................................................................................................................E
E............................................................................................................................................................................................................................................E
E............................................................................................................................................................................................................................................E
E............................................................................................................................................................................................................................................E
E............................................................................................................................................................................................................................................E
E.......................................................................................................S....................................................................................................................................E
E............................................................................................................................................................................................................................................E
E............................................................................................................................................................................................................................................E
E............................................................................................................................................................................................................................................E
E............................................................................................................................................................................................................................................E
E............................................................................................................................................................................................................................................E
E............................................................................................................................................................................................................................................E
E............................................................................................................................................................................................................................................E
EEEEEEEEEEEEEEEEEEEEEEEEEEEEEEEEEEEEEEEEEEEEEEEEEEEEEEEEEEEEEEEEEEEEEEEEEEEEEEEEEEEEEEEEEEEEEEEEEEEEEEEEEEEEEEEEEEEEEEEEEEEEEEEEEEEEEEEEEEEEEEEEEEEEEEEEEEEEEEEEEEEEEEEEEEEEEEEEEEEEEEEEEEEEEEEEEEEEEEEEEEEEEEEEEEEEEEEEEEEEEEEEEEEEEEEEEEEEEE
