type o.tile
height 300
width 238
map
EEEEEEEEEEEEEEEEEEEEEEEEEEEEEEEEEEEEEEEEEEEEEEEEEEEEEEEEEEEEEEEEEEEEEEEEEEEEEEEEEEEEEEEEEEEEEEEEEEEEEEEEEEEEEEEEEEEEEEEEEEEEEEEEEEEEEEEEEEEEEEEEEEEEEEEEEEEEEEEEEEEEEEEEEEEEEEEEEEEEEEEEEEEEEEEEEEEEEEEEEEEEEEEEEEEEEEEEEEEEEEEEEEEEEEEEEEEEEE
E............................................................................................................................................................................................................................................E
E............................................................................................................................................................................................................................................E
E............................................................................................................................................................................................................................................E
E............................................................................................................................................................................................................................................E
E............................................................................................................................................................................................................................................E
E............................................................................................................................................................................................................................................E
E............................................................................................................................................................................................................................................E
E............................................................................................................................................................................................................................................E
E............................................................................................................................................................................................................................................E
E............................................................................................................................................................................................................................................E
E............................................................................................................................................................................................................................................E
E............................................................................................................................................................................................................................................E
E............................................................................................................................................................................................................................................E
E............................................................................................................................................................................................................................................E
E............................................................................................................................................................................................................................................E
E............................................................................................................................................................................................................................................E
E......................................................C.....................................................................................................................................................................................E
E............................................................................................................................................................................................................................................E
E............................................................................................................................................................................................................................................E
E............................................................................................................................................................................................................................................E
E............................................................................................................................................................................................................................................E
E............................................................................................................................................................................................................................................E
E............................................................................................................................................................................................................................................E
E............................................................................................................................................................................................................................................E
E............................................................................................................................................................................................................................................E
E............................................................................................................................................................................................................................................E
E............................................................................................................................................................................................................................................E
E............................................................................................................................................................................................................................................E
E............................................................................................................................................................................................................................................E
E............................................................................................................................................................................................................................................E
E............................................................................................................................................................................................................................................E
E............................................................................................................................................................................................................................................E
E............................................................................................................................................................................................................................................E
E............................................................................................................................................................................................................................................E
E............................................................................................................................................................................................................................................E
E............................................................................................................................................................................................................................................E
E............................................................................................................................................................................................................................................E
E............................................................................................................................................................................................................................................E
E............................................................................................................................................................................................................................................E
E............................................................................................................................................................................................................................................E
E..............................................................................................................C.............................................................................................................................E
E............................................................................................................................................................................................................................................E
E............................................................................................................................................................................................................................................E
E............................................................................................................................................................................................................................................E
E............................................................................................................................................................................................................................................E
E............................................................................................................................................................................................................................................E
E............................................................................................................................................................................................................................................E
E............................................................................................................................................................................................................................................E
E............................................................................................................................................................................................................................................E
E............................................................................................................................................................................................................................................E
E............................................................................................................................................................................................................................................E
E............................................................................................................................................................................................................................................E
E............................................................................................................................................................................................................................................E
E............................................................................................................................................................................................................................................E
E............................................................................................................................................................................................................................................E
E............................................................................................................................................................................................................................................E
E............................................................................................................................................................................................................................................E
E............................................................................................................................................................................................................................................E
E............................................................................................................................................................................................................................................E
E............................................................................................................................................................................................................................................E
E............................................................................................................................................................................................................................................E
E............................................................................................................................................................................................................................................E
E............................................................................................................................................................................................................................................E
E............................................................................................................................................................................................................................................E
E............................................................................................................................................................................................................................................E
E............................................................................................................................................................................................................................................E
E............................................................................................................................................................................................................................................E
E............................................................................................................................................................................................................................................E
E............................................................................................................................................................................................................................................E
E............................................................................................................................................................................................................................................E
E............................................................................................................................................................................................................................................E
E............................................................................................................................................................................................................................................E
E............................................................................................................................................................................................................................................E
E............................................................................................................................................................................................................................................E
E............................................................................................................................................................................................................................................E
E............................................................................................................................................................................................................................................E
E............................................................................................................................................................................................................................................E
E............................................................................................................................................................................................................................................E
E............................................................................................................................................................................................................................................E
E............................................................................................................................................................................................................................................E
E............................................................................................................................................................................................................................................E
E............................................................................................................................................................................................................................................E
E............................................................................................................................................................................................................................................E
E............................................................................................................................................................................................................................................E
E............................................................................................................................................................................................................................................E
E............................................................................................................................................................................................................................................E
E............................................................................................................................................................................................................................................E
E............................................................................................................................................................................................................................................E
E............................................................................................................................................................................................................................................E
E............................................................................................................................................................................................................................................E
E............................................................................................................................................................................................................................................E
E............................................................................................................................................................................................................................................E
E............................................................................................................................................................................................................................................E
E............................................................................................................................................................................................................................................E
E............................................................................................................................................................................................................................................E
E............................................................................................................................................................................................................................................E
E............................................................................................................................................................................................................................................E
E............................................................................................................................................................................................................................................E
E............................................................................................................................................................................................................................................E
E............................................................................................................................................................................................................................................E
E............................................................................................................................................................................................................................................E
E............................................................................................................................................................................................................................................E
E............................................................................................................................................................................................................................................E
E............................................................................................................................................................................................................................................E
E............................................................................................................................................................................................................................................E
E............................................................................................................................................................................................................................................E
E............................................................................................................................................................................................................................................E
E............................................................................................................................................................................................................................................E
E............................................................................................................................................................................................................................................E
E............................................................................................................................................................................................................................................E
E............................................................................................................................................................................................................................................E
E............................................................................................................................................................................................................................................E
E............................................................................................................................................................................................................................................E
E............................................................................................................................................................................................................................................E
E............................................................................................................................................................................................................................................E
E............................................................................................................................................................................................................................................E
E.......................................................................................................................................................................BBBBBBBBBBBBBBBBBBBBBBBBBBB..........................................E
E.......................................................................................................................................................................BBBBBBBBBBBBBBBBBBBBBBBBBBB..........................................E
E.......................................................................................................................................................................AAAAAAAAAAAAAAAAAAAAAAAAAAA..........................................E
E.......................................................................................................................................................................AAAAAAAAAAAAAAAAAAAAAAAAAAA..........................................E
E............................................................................................................................................................................................................................................E
E............................................................................................................................................................................................................................................E
E............................................................................................................................................................................................................................................E
E............................................................................................................................................................................................................................................E
E.......................................................................................................................................................................@@@@@@@@@@@@@@@@@@@@@@@@@@@..........................................E
E.......................................................................................................................................................................@@@@@@@@@@@@@@@@@@@@@@@@@@@..........................................E
E.......................................................................................................................................................................@@@@@@@@@@@@@@@@@@@@@@@@@@@..........................................E
E.......................................................................................................................................................................@@@@@@@@@@@@@@@@@@@@@@@@@@@..........................................E
E............................................................................................................................................................................................................................................E
E............................................................................................................................................................................................................................................E
E........................................................C..............................................................................................................TTTTTTTTTTTTTTTTTTTTTTTTTTT..........................................E
E.......................................................................................................................................................................TTTTTTTTTTTTTTTTTTTTTTTTTTT..........................................E
E.......................................................................................................................................................................TTTTTTTTTTTTTTTTTTTTTTTTTTT..........................................E
E.......................................................................................................................................................................TTTTTTTTTTTTTTTTTTTTTTTTTTT..........................................E
E............................................................................................................................................................................................................................................E
E.......................................................................................................................................................................XXXXXXXXXXXXXXXXXXXXXXXXXXX..........................................E
E.......................................................................................................................................................................XXXXXXXXXXXXXXXXXXXXXXXXXXX..........................................E
E............................................................................................................................................................................................................................................E
E............................................................................................................................................................................................................................................E
E............................................................................................................................................................................................................................................E
E............................................................................................................................................................................................................................................E
E............................................................................................................................................................................................................................................E
E............................................................................................................................................................................................................................................E
E............................................................................................................................................................................................................................................E
E............................................................................................................................................................................................................................................E
E............................................................................................................................................................................................................................................E
E............................................................................................................................................................................................................................................E
E............................................................................................................................................................................................................................................E
E............................................................................................................................................................................................................................................E
E............................................................................................................................................................................................................................................E
E............................................................................................................................................................................................................................................E
E............................................................................................................................................................................................................................................E
E............................................................................................................................................................................................................................................E
E............................................................................................................................................................................................................................................E
E............................................................................................................................................................................................................................................E
E............................................................................................................................................................................................................................................E
E............................................................................................................................................................................................................................................E
E............................................................................................................................................................................................................................................E
E............................................................................................................................................................................................................................................E
E............................................................................................................................................................................................................................................E
E............................................................................................................................................................................................................................................E
E............................................................................................................................................................................................................................................E
E............................................................................................................................................................................................................................................E
E............................................................................................................................................................................................................................................E
E............................................................................................................................................................................................................................................E
E............................................................................................................................................................................................................................................E
E............................................................................................................................................................................................................................................E
E............................................................................................................................................................................................................................................E
E............................................................................................................................................................................................................................................E
E............................................................................................................................................................................................................................................E
E............................................................................................................................................................................................................................................E
E............................................................................................................................................................................................................................................E
E............................................................................................................................................................................................................................................E
E............................................................................................................................................................................................................................................E
E............................................................................................................................................................................................................................................E
E............................................................................................................................................................................................................................................E
E............................................................................................................................................................................................................................................E
E............................................................................................................................................................................................................................................E
E............................................................................................................................................................................................................................................E
E..........................................................................................................................C.................................................................................................................E
E............................................................................................................................................................................................................................................E
E............................................................................................................................................................................................................................................E
E............................................................................................................................................................................................................................................E
E............................................................................................................................................................................................................................................E
E............................................................................................................................................................................................................................................E
E............................................................................................................................................................................................................................................E
E............................................................................................................................................................................................................................................E
E............................................................................................................................................................................................................................................E
E............................................................................................................................................................................................................................................E
E............................................................................................................................................................................................................................................E
E............................................................................................................................................................................................................................................E
E............................................................................................................................................................................................................................................E
E............................................................................................................................................................................................................................................E
E............................................................................................................................................................................................................................................E
E............................................................................................................................................................................................................................................E
E............................................................................................................................................................................................................................................E
E............................................................................................................................................................................................................................................E
E............................................................................................................................................................................................................................................E
E............................................................................................................................................................................................................................................E
E............................................................................................................................................................................................................................................E
E............................................................................................................................................................................................................................................E
E............................................................................................................................................................................................................................................E
E............................................................................................................................................................................................................................................E
E............................................................................................................................................................................................................................................E
E............................................................................................................................................................................................................................................E
E............................................................................................................................................................................................................................................E
E............................................................................................................................................................................................................................................E
E............................................................................................................................................................................................................................................E
E............................................................................................................................................................................................................................................E
E............................................................................................................................................................................................................................................E
E............................................................................................................................................................................................................................................E
E............................................................................................................................................................................................................................................E
E............................................................................................................................................................................................................................................E
E............................................................................................................................................................................................................................................E
E............................................................................................................................................................................................................................................E
E............................................................................................................................................................................................................................................E
E............................................................................................................................................................................................................................................E
E............................................................................................................................................................................................................................................E
E............................................................................................................................................................................................................................................E
E..........................................................C.................................................................................................................................................................................E
E............................................................................................................................................................................................................................................E
E............................................................................................................................................................................................................................................E
E............................................................................................................................................................................................................................................E
E............................................................................................................................................................................................................................................E
E............................................................................................................................................................................................................................................E
E............................................................................................................................................................................................................................................E
E............................................................................................................................................................................................................................................E
E............................................................................................................................................................................................................................................E
E............................................................................................................................................................................................................................................E
E............................................................................................................................................................................................................................................E
E............................................................................................................................................................................................................................................E
E............................................................................................................................................................................................................................................E
E............................................................................................................................................................................................................................................E
E............................................................................................................................................................................................................................................E
E............................................................................................................................................................................................................................................E
E............................................................................................................................................................................................................................................E
E............................................................................................................................................................................................................................................E
E............................................................................................................................................................................................................................................E
E............................................................................................................................................................................................................................................E
E............................................................................................................................................................................................................................................E
E............................................................................................................................................................................................................................................E
E............................................................................................................................................................................................................................................E
E............................................................................................................................................................................................................................................E
E............................................................................................................................................................................................................................................E
E............................................................................................................................................................................................................................................E
E............................................................................................................................................................................................................................................E
E............................................................................................................................................................................................................................................E
E............................................................................................................................................................................................................................................E
E............................................................................................................................................................................................................................................E
E............................................................................................................................................................................................................................................E
E............................................................................................................................................................................................................................................E
E............................................................................................................................................................................................................................................E
E............................................................................................................................................................................................................................................E
E............................................................................................................................................................................................................................................E
E............................................................................................................................................................................................................................................E
E............................................................................................................................................................................................................................................E
E............................................................................................................................................................................................................................................E
E............................................................................................................................................................................................................................................E
E............................................................................................................................................................................................................................................E
E............................................................................................................................................................................................................................................E
E............................................................................................................................................................................................................................................E
E............................................................................................................................................................................................................................................E
E............................................................................................................................................................................................................................................E
E............................................................................................................................................................................................................................................E
E............................................................................................................................................................................................................................................E
E............................................................................................................................................................................................................................................E
E............................................................................................................................................................................................................................................E
E............................................................................................................................................................................................................................................E
E............................................................................................................................................................................................................................................E
E............................................................................................................................................................................................................................................E
E............................................................................................................................................................................................................................................E
E............................................................................................................................................................................................................................................E
E............................................................................................................................................................................................................................................E
E............................................................................................................................................................................................................................................E
E............................................................................................................................................................................................................................................E
E............................................................................................................................................................................................................................................E
E............................................................................................................................................................................................................................................E
E............................................................................................................................................................................................................................................E
E............................................................................................................................................................................................................................................E
E............................................................................................................................................................................................................................................E
E............................................................................................................................................................................................................................................E
E............................................................................................................................................................................................................................................E
E............................................................................................................................................................................................................................................E
E............................................................................................................................................................................................................................................E
E............................................................................................................................................................................................................................................E
E............................................................................................................................................................................................................................................E
E............................................................................................................................................................................................................................................E
E............................................................................................................................................................................................................................................E
E............................................................................................................................................................................................................................................E
E............................................................................................................................................................................................................................................E
E.......................................................................................................S....................................................................................................................................E
E............................................................................................................................................................................................................................................E
E............................................................................................................................................................................................................................................E
E............................................................................................................................................................................................................................................E
E............................................................................................................................................................................................................................................E
E............................................................................................................................................................................................................................................E
E............................................................................................................................................................................................................................................E
E............................................................................................................................................................................................................................................E
EEEEEEEEEEEEEEEEEEEEEEEEEEEEEEEEEEEEEEEEEEEEEEEEEEEEEEEEEEEEEEEEEEEEEEEEEEEEEEEEEEEEEEEEEEEEEEEEEEEEEEEEEEEEEEEEEEEEEEEEEEEEEEEEEEEEEEEEEEEEEEEEEEEEEEEEEEEEEEEEEEEEEEEEEEEEEEEEEEEEEEEEEEEEEEEEEEEEEEEEEEEEEEEEEEEEEEEEEEEEEEEEEEEEEEEEEEEEEE
